Archive member included to satisfy reference by file (symbol)

D:/matlab_embedded_stm32f4/cubeIDE/STM32CubeIDE_1.17.0/STM32CubeIDE/plugins/com.st.stm32cube.ide.mcu.externaltools.gnu-tools-for-stm32.12.3.rel1.win32_1.1.0.202410251130/tools/bin/../lib/gcc/arm-none-eabi/12.3.1/../../../../arm-none-eabi/lib/thumb/v7-m/nofp\libc_nano.a(libc_a-exit.o)
                              D:/matlab_embedded_stm32f4/cubeIDE/STM32CubeIDE_1.17.0/STM32CubeIDE/plugins/com.st.stm32cube.ide.mcu.externaltools.gnu-tools-for-stm32.12.3.rel1.win32_1.1.0.202410251130/tools/bin/../lib/gcc/arm-none-eabi/12.3.1/../../../../arm-none-eabi/lib/thumb/v7-m/nofp/crt0.o (exit)
D:/matlab_embedded_stm32f4/cubeIDE/STM32CubeIDE_1.17.0/STM32CubeIDE/plugins/com.st.stm32cube.ide.mcu.externaltools.gnu-tools-for-stm32.12.3.rel1.win32_1.1.0.202410251130/tools/bin/../lib/gcc/arm-none-eabi/12.3.1/../../../../arm-none-eabi/lib/thumb/v7-m/nofp\libc_nano.a(libc_a-findfp.o)
                              D:/matlab_embedded_stm32f4/cubeIDE/STM32CubeIDE_1.17.0/STM32CubeIDE/plugins/com.st.stm32cube.ide.mcu.externaltools.gnu-tools-for-stm32.12.3.rel1.win32_1.1.0.202410251130/tools/bin/../lib/gcc/arm-none-eabi/12.3.1/../../../../arm-none-eabi/lib/thumb/v7-m/nofp\libc_nano.a(libc_a-exit.o) (__stdio_exit_handler)
D:/matlab_embedded_stm32f4/cubeIDE/STM32CubeIDE_1.17.0/STM32CubeIDE/plugins/com.st.stm32cube.ide.mcu.externaltools.gnu-tools-for-stm32.12.3.rel1.win32_1.1.0.202410251130/tools/bin/../lib/gcc/arm-none-eabi/12.3.1/../../../../arm-none-eabi/lib/thumb/v7-m/nofp\libc_nano.a(libc_a-fwalk.o)
                              D:/matlab_embedded_stm32f4/cubeIDE/STM32CubeIDE_1.17.0/STM32CubeIDE/plugins/com.st.stm32cube.ide.mcu.externaltools.gnu-tools-for-stm32.12.3.rel1.win32_1.1.0.202410251130/tools/bin/../lib/gcc/arm-none-eabi/12.3.1/../../../../arm-none-eabi/lib/thumb/v7-m/nofp\libc_nano.a(libc_a-findfp.o) (_fwalk_sglue)
D:/matlab_embedded_stm32f4/cubeIDE/STM32CubeIDE_1.17.0/STM32CubeIDE/plugins/com.st.stm32cube.ide.mcu.externaltools.gnu-tools-for-stm32.12.3.rel1.win32_1.1.0.202410251130/tools/bin/../lib/gcc/arm-none-eabi/12.3.1/../../../../arm-none-eabi/lib/thumb/v7-m/nofp\libc_nano.a(libc_a-stdio.o)
                              D:/matlab_embedded_stm32f4/cubeIDE/STM32CubeIDE_1.17.0/STM32CubeIDE/plugins/com.st.stm32cube.ide.mcu.externaltools.gnu-tools-for-stm32.12.3.rel1.win32_1.1.0.202410251130/tools/bin/../lib/gcc/arm-none-eabi/12.3.1/../../../../arm-none-eabi/lib/thumb/v7-m/nofp\libc_nano.a(libc_a-findfp.o) (__sread)
D:/matlab_embedded_stm32f4/cubeIDE/STM32CubeIDE_1.17.0/STM32CubeIDE/plugins/com.st.stm32cube.ide.mcu.externaltools.gnu-tools-for-stm32.12.3.rel1.win32_1.1.0.202410251130/tools/bin/../lib/gcc/arm-none-eabi/12.3.1/../../../../arm-none-eabi/lib/thumb/v7-m/nofp\libc_nano.a(libc_a-memset.o)
                              D:/matlab_embedded_stm32f4/cubeIDE/STM32CubeIDE_1.17.0/STM32CubeIDE/plugins/com.st.stm32cube.ide.mcu.externaltools.gnu-tools-for-stm32.12.3.rel1.win32_1.1.0.202410251130/tools/bin/../lib/gcc/arm-none-eabi/12.3.1/../../../../arm-none-eabi/lib/thumb/v7-m/nofp/crt0.o (memset)
D:/matlab_embedded_stm32f4/cubeIDE/STM32CubeIDE_1.17.0/STM32CubeIDE/plugins/com.st.stm32cube.ide.mcu.externaltools.gnu-tools-for-stm32.12.3.rel1.win32_1.1.0.202410251130/tools/bin/../lib/gcc/arm-none-eabi/12.3.1/../../../../arm-none-eabi/lib/thumb/v7-m/nofp\libc_nano.a(libc_a-closer.o)
                              D:/matlab_embedded_stm32f4/cubeIDE/STM32CubeIDE_1.17.0/STM32CubeIDE/plugins/com.st.stm32cube.ide.mcu.externaltools.gnu-tools-for-stm32.12.3.rel1.win32_1.1.0.202410251130/tools/bin/../lib/gcc/arm-none-eabi/12.3.1/../../../../arm-none-eabi/lib/thumb/v7-m/nofp\libc_nano.a(libc_a-stdio.o) (_close_r)
D:/matlab_embedded_stm32f4/cubeIDE/STM32CubeIDE_1.17.0/STM32CubeIDE/plugins/com.st.stm32cube.ide.mcu.externaltools.gnu-tools-for-stm32.12.3.rel1.win32_1.1.0.202410251130/tools/bin/../lib/gcc/arm-none-eabi/12.3.1/../../../../arm-none-eabi/lib/thumb/v7-m/nofp\libc_nano.a(libc_a-reent.o)
                              D:/matlab_embedded_stm32f4/cubeIDE/STM32CubeIDE_1.17.0/STM32CubeIDE/plugins/com.st.stm32cube.ide.mcu.externaltools.gnu-tools-for-stm32.12.3.rel1.win32_1.1.0.202410251130/tools/bin/../lib/gcc/arm-none-eabi/12.3.1/../../../../arm-none-eabi/lib/thumb/v7-m/nofp\libc_nano.a(libc_a-closer.o) (errno)
D:/matlab_embedded_stm32f4/cubeIDE/STM32CubeIDE_1.17.0/STM32CubeIDE/plugins/com.st.stm32cube.ide.mcu.externaltools.gnu-tools-for-stm32.12.3.rel1.win32_1.1.0.202410251130/tools/bin/../lib/gcc/arm-none-eabi/12.3.1/../../../../arm-none-eabi/lib/thumb/v7-m/nofp\libc_nano.a(libc_a-impure.o)
                              D:/matlab_embedded_stm32f4/cubeIDE/STM32CubeIDE_1.17.0/STM32CubeIDE/plugins/com.st.stm32cube.ide.mcu.externaltools.gnu-tools-for-stm32.12.3.rel1.win32_1.1.0.202410251130/tools/bin/../lib/gcc/arm-none-eabi/12.3.1/../../../../arm-none-eabi/lib/thumb/v7-m/nofp\libc_nano.a(libc_a-reent.o) (_impure_ptr)
[...]
Memory Configuration

Name             Origin             Length             Attributes
RAM              0x20000000         0x00005000         xrw
FLASH            0x08000000         0x00010000         xr
*default*        0x00000000         0xffffffff

Linker script and memory map

LOAD D:/matlab_embedded_stm32f4/cubeIDE/STM32CubeIDE_1.17.0/STM32CubeIDE/plugins/com.st.stm32cube.ide.mcu.externaltools.gnu-tools-for-stm32.12.3.rel1.win32_1.1.0.202410251130/tools/bin/../lib/gcc/arm-none-eabi/12.3.1/thumb/v7-m/nofp/crti.o
LOAD D:/matlab_embedded_stm32f4/cubeIDE/STM32CubeIDE_1.17.0/STM32CubeIDE/plugins/com.st.stm32cube.ide.mcu.externaltools.gnu-tools-for-stm32.12.3.rel1.win32_1.1.0.202410251130/tools/bin/../lib/gcc/arm-none-eabi/12.3.1/thumb/v7-m/nofp/crtbegin.o
LOAD D:/matlab_embedded_stm32f4/cubeIDE/STM32CubeIDE_1.17.0/STM32CubeIDE/plugins/com.st.stm32cube.ide.mcu.externaltools.gnu-tools-for-stm32.12.3.rel1.win32_1.1.0.202410251130/tools/bin/../lib/gcc/arm-none-eabi/12.3.1/../../../../arm-none-eabi/lib/thumb/v7-m/nofp/crt0.o
LOAD ./Core/Src/main.o
LOAD ./Core/Src/stm32f1xx_hal_msp.o
LOAD ./Core/Src/stm32f1xx_it.o
LOAD ./Core/Src/syscalls.o
LOAD ./Core/Src/sysmem.o
LOAD ./Core/Src/system_stm32f1xx.o
LOAD ./Core/Startup/startup_stm32f103c8tx.o
LOAD ./Drivers/STM32F1xx_HAL_Driver/Src/stm32f1xx_hal.o
LOAD ./Drivers/STM32F1xx_HAL_Driver/Src/stm32f1xx_hal_cortex.o
LOAD ./Drivers/STM32F1xx_HAL_Driver/Src/stm32f1xx_hal_dma.o
LOAD ./Drivers/STM32F1xx_HAL_Driver/Src/stm32f1xx_hal_exti.o
LOAD ./Drivers/STM32F1xx_HAL_Driver/Src/stm32f1xx_hal_flash.o
LOAD ./Drivers/STM32F1xx_HAL_Driver/Src/stm32f1xx_hal_flash_ex.o
LOAD ./Drivers/STM32F1xx_HAL_Driver/Src/stm32f1xx_hal_gpio.o
LOAD ./Drivers/STM32F1xx_HAL_Driver/Src/stm32f1xx_hal_gpio_ex.o
LOAD ./Drivers/STM32F1xx_HAL_Driver/Src/stm32f1xx_hal_pwr.o
LOAD ./Drivers/STM32F1xx_HAL_Driver/Src/stm32f1xx_hal_rcc.o
LOAD ./Drivers/STM32F1xx_HAL_Driver/Src/stm32f1xx_hal_rcc_ex.o
LOAD ./Drivers/STM32F1xx_HAL_Driver/Src/stm32f1xx_hal_tim.o
LOAD ./Drivers/STM32F1xx_HAL_Driver/Src/stm32f1xx_hal_tim_ex.o
START GROUP
LOAD D:/matlab_embedded_stm32f4/cubeIDE/STM32CubeIDE_1.17.0/STM32CubeIDE/plugins/com.st.stm32cube.ide.mcu.externaltools.gnu-tools-for-stm32.12.3.rel1.win32_1.1.0.202410251130/tools/bin/../lib/gcc/arm-none-eabi/12.3.1/../../../../arm-none-eabi/lib/thumb/v7-m/nofp\libc_nano.a
LOAD D:/matlab_embedded_stm32f4/cubeIDE/STM32CubeIDE_1.17.0/STM32CubeIDE/plugins/com.st.stm32cube.ide.mcu.externaltools.gnu-tools-for-stm32.12.3.rel1.win32_1.1.0.202410251130/tools/bin/../lib/gcc/arm-none-eabi/12.3.1/../../../../arm-none-eabi/lib/thumb/v7-m/nofp\libm.a
END GROUP
START GROUP
LOAD D:/matlab_embedded_stm32f4/cubeIDE/STM32CubeIDE_1.17.0/STM32CubeIDE/plugins/com.st.stm32cube.ide.mcu.externaltools.gnu-tools-for-stm32.12.3.rel1.win32_1.1.0.202410251130/tools/bin/../lib/gcc/arm-none-eabi/12.3.1/thumb/v7-m/nofp\libgcc.a
LOAD D:/matlab_embedded_stm32f4/cubeIDE/STM32CubeIDE_1.17.0/STM32CubeIDE/plugins/com.st.stm32cube.ide.mcu.externaltools.gnu-tools-for-stm32.12.3.rel1.win32_1.1.0.202410251130/tools/bin/../lib/gcc/arm-none-eabi/12.3.1/../../../../arm-none-eabi/lib/thumb/v7-m/nofp\libc_nano.a
END GROUP
START GROUP
LOAD D:/matlab_embedded_stm32f4/cubeIDE/STM32CubeIDE_1.17.0/STM32CubeIDE/plugins/com.st.stm32cube.ide.mcu.externaltools.gnu-tools-for-stm32.12.3.rel1.win32_1.1.0.202410251130/tools/bin/../lib/gcc/arm-none-eabi/12.3.1/thumb/v7-m/nofp\libgcc.a
LOAD D:/matlab_embedded_stm32f4/cubeIDE/STM32CubeIDE_1.17.0/STM32CubeIDE/plugins/com.st.stm32cube.ide.mcu.externaltools.gnu-tools-for-stm32.12.3.rel1.win32_1.1.0.202410251130/tools/bin/../lib/gcc/arm-none-eabi/12.3.1/../../../../arm-none-eabi/lib/thumb/v7-m/nofp\libc_nano.a
LOAD D:/matlab_embedded_stm32f4/cubeIDE/STM32CubeIDE_1.17.0/STM32CubeIDE/plugins/com.st.stm32cube.ide.mcu.externaltools.gnu-tools-for-stm32.12.3.rel1.win32_1.1.0.202410251130/tools/bin/../lib/gcc/arm-none-eabi/12.3.1/../../../../arm-none-eabi/lib/thumb/v7-m/nofp\libnosys.a
END GROUP
START GROUP
LOAD D:/matlab_embedded_stm32f4/cubeIDE/STM32CubeIDE_1.17.0/STM32CubeIDE/plugins/com.st.stm32cube.ide.mcu.externaltools.gnu-tools-for-stm32.12.3.rel1.win32_1.1.0.202410251130/tools/bin/../lib/gcc/arm-none-eabi/12.3.1/thumb/v7-m/nofp\libgcc.a
LOAD D:/matlab_embedded_stm32f4/cubeIDE/STM32CubeIDE_1.17.0/STM32CubeIDE/plugins/com.st.stm32cube.ide.mcu.externaltools.gnu-tools-for-stm32.12.3.rel1.win32_1.1.0.202410251130/tools/bin/../lib/gcc/arm-none-eabi/12.3.1/../../../../arm-none-eabi/lib/thumb/v7-m/nofp\libc_nano.a
LOAD D:/matlab_embedded_stm32f4/cubeIDE/STM32CubeIDE_1.17.0/STM32CubeIDE/plugins/com.st.stm32cube.ide.mcu.externaltools.gnu-tools-for-stm32.12.3.rel1.win32_1.1.0.202410251130/tools/bin/../lib/gcc/arm-none-eabi/12.3.1/../../../../arm-none-eabi/lib/thumb/v7-m/nofp\libnosys.a
END GROUP
LOAD D:/matlab_embedded_stm32f4/cubeIDE/STM32CubeIDE_1.17.0/STM32CubeIDE/plugins/com.st.stm32cube.ide.mcu.externaltools.gnu-tools-for-stm32.12.3.rel1.win32_1.1.0.202410251130/tools/bin/../lib/gcc/arm-none-eabi/12.3.1/thumb/v7-m/nofp/crtend.o
LOAD D:/matlab_embedded_stm32f4/cubeIDE/STM32CubeIDE_1.17.0/STM32CubeIDE/plugins/com.st.stm32cube.ide.mcu.externaltools.gnu-tools-for-stm32.12.3.rel1.win32_1.1.0.202410251130/tools/bin/../lib/gcc/arm-none-eabi/12.3.1/thumb/v7-m/nofp/crtn.o
                0x20005000                        _estack = (ORIGIN (RAM) + LENGTH (RAM))
                0x00000200                        _Min_Heap_Size = 0x200
                0x00000400                        _Min_Stack_Size = 0x400

.isr_vector     0x08000000      0x10c
                0x08000000                        . = ALIGN (0x4)
 *(.isr_vector)
 .isr_vector    0x08000000      0x10c ./Core/Startup/startup_stm32f103c8tx.o
                0x08000000                g_pfnVectors
                0x0800010c                        . = ALIGN (0x4)

.text           0x0800010c     0x1fe0
                0x0800010c                        . = ALIGN (0x4)
 *(.text)
 .text          0x0800010c       0x40 D:/matlab_embedded_stm32f4/cubeIDE/STM32CubeIDE_1.17.0/STM32CubeIDE/plugins/com.st.stm32cube.ide.mcu.externaltools.gnu-tools-for-stm32.12.3.rel1.win32_1.1.0.202410251130/tools/bin/../lib/gcc/arm-none-eabi/12.3.1/thumb/v7-m/nofp/crtbegin.o
 .text          0x0800014c      0x21c D:/matlab_embedded_stm32f4/cubeIDE/STM32CubeIDE_1.17.0/STM32CubeIDE/plugins/com.st.stm32cube.ide.mcu.externaltools.gnu-tools-for-stm32.12.3.rel1.win32_1.1.0.202410251130/tools/bin/../lib/gcc/arm-none-eabi/12.3.1/thumb/v7-m/nofp\libgcc.a(_arm_addsubsf3.o)
                0x0800014c                __aeabi_frsub
                0x08000154                __subsf3
                0x08000154                __aeabi_fsub
                0x08000158                __aeabi_fadd
                0x08000158                __addsf3
                0x080002b8                __aeabi_ui2f
                0x080002b8                __floatunsisf
                0x080002c0                __aeabi_i2f
                0x080002c0                __floatsisf
                0x080002dc                __aeabi_ul2f
                0x080002dc                __floatundisf
                0x080002ec                __aeabi_l2f
                0x080002ec                __floatdisf
 .text          0x08000368      0x2a0 D:/matlab_embedded_stm32f4/cubeIDE/STM32CubeIDE_1.17.0/STM32CubeIDE/plugins/com.st.stm32cube.ide.mcu.externaltools.gnu-tools-for-stm32.12.3.rel1.win32_1.1.0.202410251130/tools/bin/../lib/gcc/arm-none-eabi/12.3.1/thumb/v7-m/nofp\libgcc.a(_arm_muldivsf3.o)
                0x08000368                __mulsf3
                0x08000368                __aeabi_fmul
                0x080004d0                __aeabi_fdiv
                0x080004d0                __divsf3
 .text          0x08000608       0x4c D:/matlab_embedded_stm32f4/cubeIDE/STM32CubeIDE_1.17.0/STM32CubeIDE/plugins/com.st.stm32cube.ide.mcu.externaltools.gnu-tools-for-stm32.12.3.rel1.win32_1.1.0.202410251130/tools/bin/../lib/gcc/arm-none-eabi/12.3.1/thumb/v7-m/nofp\libgcc.a(_arm_fixsfsi.o)
                0x08000608                __aeabi_f2iz
                0x08000608                __fixsfsi
 *(.text*)
 .text.microDelay
                0x08000654       0x30 ./Core/Src/main.o
                0x08000654                microDelay
 .text.getHX711
                0x08000684       0xc8 ./Core/Src/main.o
                0x08000684                getHX711
 .text.weigh    0x0800074c       0x88 ./Core/Src/main.o
                0x0800074c                weigh
 .text.getForce
                0x080007d4       0xb8 ./Core/Src/main.o
                0x080007d4                getForce
 .text.main     0x0800088c       0x7c ./Core/Src/main.o
                0x0800088c                main
 .text.SystemClock_Config
                0x08000908       0x8a ./Core/Src/main.o
                0x08000908                SystemClock_Config
 *fill*         0x08000992        0x2 
 .text.MX_TIM1_Init
                0x08000994       0xa0 ./Core/Src/main.o
 .text.MX_TIM2_Init
                0x08000a34       0x98 ./Core/Src/main.o
 .text.MX_GPIO_Init
                0x08000acc       0xb0 ./Core/Src/main.o
 .text.Error_Handler
                0x08000b7c        0xc ./Core/Src/main.o
                0x08000b7c                Error_Handler
 .text.HAL_MspInit
                0x08000b88       0x64 ./Core/Src/stm32f1xx_hal_msp.o
                0x08000b88                HAL_MspInit
 .text.HAL_TIM_Base_MspInit
                0x08000bec       0x60 ./Core/Src/stm32f1xx_hal_msp.o
                0x08000bec                HAL_TIM_Base_MspInit
 .text.NMI_Handler
                0x08000c4c        0x8 ./Core/Src/stm32f1xx_it.o
                0x08000c4c                NMI_Handler
 .text.HardFault_Handler
                0x08000c54        0x8 ./Core/Src/stm32f1xx_it.o
                0x08000c54                HardFault_Handler
 .text.MemManage_Handler
                0x08000c5c        0x8 ./Core/Src/stm32f1xx_it.o
                0x08000c5c                MemManage_Handler
 .text.BusFault_Handler
                0x08000c64        0x8 ./Core/Src/stm32f1xx_it.o
                0x08000c64                BusFault_Handler
 .text.UsageFault_Handler
                0x08000c6c        0x8 ./Core/Src/stm32f1xx_it.o
                0x08000c6c                UsageFault_Handler
 .text.SVC_Handler
                0x08000c74        0xc ./Core/Src/stm32f1xx_it.o
                0x08000c74                SVC_Handler
 .text.DebugMon_Handler
                0x08000c80        0xc ./Core/Src/stm32f1xx_it.o
                0x08000c80                DebugMon_Handler
 .text.PendSV_Handler
                0x08000c8c        0xc ./Core/Src/stm32f1xx_it.o
                0x08000c8c                PendSV_Handler
 .text.SysTick_Handler
                0x08000c98        0xc ./Core/Src/stm32f1xx_it.o
                0x08000c98                SysTick_Handler
 .text.SystemInit
                0x08000ca4        0xc ./Core/Src/system_stm32f1xx.o
                0x08000ca4                SystemInit
 .text.Reset_Handler
                0x08000cb0       0x48 ./Core/Startup/startup_stm32f103c8tx.o
                0x08000cb0                Reset_Handler
 .text.Default_Handler
                0x08000cf8        0x2 ./Core/Startup/startup_stm32f103c8tx.o
                0x08000cf8                RTC_Alarm_IRQHandler
                0x08000cf8                EXTI2_IRQHandler
                0x08000cf8                TIM1_CC_IRQHandler
                0x08000cf8                PVD_IRQHandler
                0x08000cf8                EXTI3_IRQHandler
                0x08000cf8                EXTI0_IRQHandler
                0x08000cf8                I2C2_EV_IRQHandler
                0x08000cf8                ADC1_2_IRQHandler
                0x08000cf8                SPI1_IRQHandler
                0x08000cf8                TAMPER_IRQHandler
                0x08000cf8                DMA1_Channel4_IRQHandler
                0x08000cf8                USART3_IRQHandler
                0x08000cf8                RTC_IRQHandler
                0x08000cf8                DMA1_Channel7_IRQHandler
                0x08000cf8                CAN1_RX1_IRQHandler
                0x08000cf8                TIM4_IRQHandler
                0x08000cf8                I2C1_EV_IRQHandler
                0x08000cf8                DMA1_Channel6_IRQHandler
                0x08000cf8                TIM3_IRQHandler
                0x08000cf8                RCC_IRQHandler
                0x08000cf8                TIM1_TRG_COM_IRQHandler
                0x08000cf8                DMA1_Channel1_IRQHandler
                0x08000cf8                Default_Handler
                0x08000cf8                EXTI15_10_IRQHandler
                0x08000cf8                EXTI9_5_IRQHandler
                0x08000cf8                SPI2_IRQHandler
                0x08000cf8                DMA1_Channel5_IRQHandler
                0x08000cf8                EXTI4_IRQHandler
                0x08000cf8                USB_LP_CAN1_RX0_IRQHandler
                0x08000cf8                USB_HP_CAN1_TX_IRQHandler
                0x08000cf8                DMA1_Channel3_IRQHandler
                0x08000cf8                TIM1_UP_IRQHandler
                0x08000cf8                WWDG_IRQHandler
                0x08000cf8                TIM2_IRQHandler
                0x08000cf8                TIM1_BRK_IRQHandler
                0x08000cf8                EXTI1_IRQHandler
                0x08000cf8                USART2_IRQHandler
                0x08000cf8                I2C2_ER_IRQHandler
                0x08000cf8                DMA1_Channel2_IRQHandler
                0x08000cf8                CAN1_SCE_IRQHandler
                0x08000cf8                FLASH_IRQHandler
                0x08000cf8                USART1_IRQHandler
                0x08000cf8                I2C1_ER_IRQHandler
                0x08000cf8                USBWakeUp_IRQHandler
 *fill*         0x08000cfa        0x2 
 .text.HAL_Init
                0x08000cfc       0x2c ./Drivers/STM32F1xx_HAL_Driver/Src/stm32f1xx_hal.o
                0x08000cfc                HAL_Init
 .text.HAL_InitTick
                0x08000d28       0x60 ./Drivers/STM32F1xx_HAL_Driver/Src/stm32f1xx_hal.o
                0x08000d28                HAL_InitTick
 .text.HAL_IncTick
                0x08000d88       0x24 ./Drivers/STM32F1xx_HAL_Driver/Src/stm32f1xx_hal.o
                0x08000d88                HAL_IncTick
 .text.HAL_GetTick
                0x08000dac       0x14 ./Drivers/STM32F1xx_HAL_Driver/Src/stm32f1xx_hal.o
                0x08000dac                HAL_GetTick
 .text.HAL_Delay
                0x08000dc0       0x48 ./Drivers/STM32F1xx_HAL_Driver/Src/stm32f1xx_hal.o
                0x08000dc0                HAL_Delay
 .text.__NVIC_SetPriorityGrouping
                0x08000e08       0x48 ./Drivers/STM32F1xx_HAL_Driver/Src/stm32f1xx_hal_cortex.o
 .text.__NVIC_GetPriorityGrouping
                0x08000e50       0x1c ./Drivers/STM32F1xx_HAL_Driver/Src/stm32f1xx_hal_cortex.o
 .text.__NVIC_SetPriority
                0x08000e6c       0x54 ./Drivers/STM32F1xx_HAL_Driver/Src/stm32f1xx_hal_cortex.o
 .text.NVIC_EncodePriority
                0x08000ec0       0x64 ./Drivers/STM32F1xx_HAL_Driver/Src/stm32f1xx_hal_cortex.o
 .text.SysTick_Config
                0x08000f24       0x44 ./Drivers/STM32F1xx_HAL_Driver/Src/stm32f1xx_hal_cortex.o
 .text.HAL_NVIC_SetPriorityGrouping
                0x08000f68       0x16 ./Drivers/STM32F1xx_HAL_Driver/Src/stm32f1xx_hal_cortex.o
                0x08000f68                HAL_NVIC_SetPriorityGrouping
 .text.HAL_NVIC_SetPriority
                0x08000f7e       0x38 ./Drivers/STM32F1xx_HAL_Driver/Src/stm32f1xx_hal_cortex.o
                0x08000f7e                HAL_NVIC_SetPriority
 .text.HAL_SYSTICK_Config
                0x08000fb6       0x18 ./Drivers/STM32F1xx_HAL_Driver/Src/stm32f1xx_hal_cortex.o
                0x08000fb6                HAL_SYSTICK_Config
 *fill*         0x08000fce        0x2 
 .text.HAL_GPIO_Init
                0x08000fd0      0x308 ./Drivers/STM32F1xx_HAL_Driver/Src/stm32f1xx_hal_gpio.o
                0x08000fd0                HAL_GPIO_Init
 .text.HAL_GPIO_ReadPin
                0x080012d8       0x2e ./Drivers/STM32F1xx_HAL_Driver/Src/stm32f1xx_hal_gpio.o
                0x080012d8                HAL_GPIO_ReadPin
 .text.HAL_GPIO_WritePin
                0x08001306       0x30 ./Drivers/STM32F1xx_HAL_Driver/Src/stm32f1xx_hal_gpio.o
                0x08001306                HAL_GPIO_WritePin
 *fill*         0x08001336        0x2 
 .text.HAL_RCC_OscConfig
                0x08001338      0x504 ./Drivers/STM32F1xx_HAL_Driver/Src/stm32f1xx_hal_rcc.o
                0x08001338                HAL_RCC_OscConfig
 .text.HAL_RCC_ClockConfig
                0x0800183c      0x1d4 ./Drivers/STM32F1xx_HAL_Driver/Src/stm32f1xx_hal_rcc.o
                0x0800183c                HAL_RCC_ClockConfig
 .text.HAL_RCC_GetSysClockFreq
                0x08001a10       0xa8 ./Drivers/STM32F1xx_HAL_Driver/Src/stm32f1xx_hal_rcc.o
                0x08001a10                HAL_RCC_GetSysClockFreq
 .text.RCC_Delay
                0x08001ab8       0x3c ./Drivers/STM32F1xx_HAL_Driver/Src/stm32f1xx_hal_rcc.o
 .text.HAL_TIM_Base_Init
                0x08001af4       0x9e ./Drivers/STM32F1xx_HAL_Driver/Src/stm32f1xx_hal_tim.o
                0x08001af4                HAL_TIM_Base_Init
 *fill*         0x08001b92        0x2 
 .text.HAL_TIM_Base_Start
                0x08001b94       0x94 ./Drivers/STM32F1xx_HAL_Driver/Src/stm32f1xx_hal_tim.o
                0x08001b94                HAL_TIM_Base_Start
 .text.HAL_TIM_ConfigClockSource
                0x08001c28      0x18e ./Drivers/STM32F1xx_HAL_Driver/Src/stm32f1xx_hal_tim.o
                0x08001c28                HAL_TIM_ConfigClockSource
 *fill*         0x08001db6        0x2 
 .text.TIM_Base_SetConfig
                0x08001db8       0xdc ./Drivers/STM32F1xx_HAL_Driver/Src/stm32f1xx_hal_tim.o
                0x08001db8                TIM_Base_SetConfig
 .text.TIM_TI1_ConfigInputStage
                0x08001e94       0x5c ./Drivers/STM32F1xx_HAL_Driver/Src/stm32f1xx_hal_tim.o
 .text.TIM_TI2_ConfigInputStage
                0x08001ef0       0x5e ./Drivers/STM32F1xx_HAL_Driver/Src/stm32f1xx_hal_tim.o
 .text.TIM_ITRx_SetConfig
                0x08001f4e       0x34 ./Drivers/STM32F1xx_HAL_Driver/Src/stm32f1xx_hal_tim.o
 .text.TIM_ETR_SetConfig
                0x08001f82       0x3e ./Drivers/STM32F1xx_HAL_Driver/Src/stm32f1xx_hal_tim.o
                0x08001f82                TIM_ETR_SetConfig
 .text.HAL_TIMEx_MasterConfigSynchronization
                0x08001fc0       0xbc ./Drivers/STM32F1xx_HAL_Driver/Src/stm32f1xx_hal_tim_ex.o
                0x08001fc0                HAL_TIMEx_MasterConfigSynchronization
 .text.memset   0x0800207c       0x10 D:/matlab_embedded_stm32f4/cubeIDE/STM32CubeIDE_1.17.0/STM32CubeIDE/plugins/com.st.stm32cube.ide.mcu.externaltools.gnu-tools-for-stm32.12.3.rel1.win32_1.1.0.202410251130/tools/bin/../lib/gcc/arm-none-eabi/12.3.1/../../../../arm-none-eabi/lib/thumb/v7-m/nofp\libc_nano.a(libc_a-memset.o)
                0x0800207c                memset
 .text.__libc_init_array
                0x0800208c       0x48 D:/matlab_embedded_stm32f4/cubeIDE/STM32CubeIDE_1.17.0/STM32CubeIDE/plugins/com.st.stm32cube.ide.mcu.externaltools.gnu-tools-for-stm32.12.3.rel1.win32_1.1.0.202410251130/tools/bin/../lib/gcc/arm-none-eabi/12.3.1/../../../../arm-none-eabi/lib/thumb/v7-m/nofp\libc_nano.a(libc_a-init.o)
                0x0800208c                __libc_init_array
 *(.glue_7)
 .glue_7        0x080020d4        0x0 linker stubs
 *(.glue_7t)
 .glue_7t       0x080020d4        0x0 linker stubs
 *(.eh_frame)
 .eh_frame      0x080020d4        0x0 D:/matlab_embedded_stm32f4/cubeIDE/STM32CubeIDE_1.17.0/STM32CubeIDE/plugins/com.st.stm32cube.ide.mcu.externaltools.gnu-tools-for-stm32.12.3.rel1.win32_1.1.0.202410251130/tools/bin/../lib/gcc/arm-none-eabi/12.3.1/thumb/v7-m/nofp/crtbegin.o
 *(.init)
 .init          0x080020d4        0x4 D:/matlab_embedded_stm32f4/cubeIDE/STM32CubeIDE_1.17.0/STM32CubeIDE/plugins/com.st.stm32cube.ide.mcu.externaltools.gnu-tools-for-stm32.12.3.rel1.win32_1.1.0.202410251130/tools/bin/../lib/gcc/arm-none-eabi/12.3.1/thumb/v7-m/nofp/crti.o
                0x080020d4                _init
 .init          0x080020d8        0x8 D:/matlab_embedded_stm32f4/cubeIDE/STM32CubeIDE_1.17.0/STM32CubeIDE/plugins/com.st.stm32cube.ide.mcu.externaltools.gnu-tools-for-stm32.12.3.rel1.win32_1.1.0.202410251130/tools/bin/../lib/gcc/arm-none-eabi/12.3.1/thumb/v7-m/nofp/crtn.o
 *(.fini)
 .fini          0x080020e0        0x4 D:/matlab_embedded_stm32f4/cubeIDE/STM32CubeIDE_1.17.0/STM32CubeIDE/plugins/com.st.stm32cube.ide.mcu.externaltools.gnu-tools-for-stm32.12.3.rel1.win32_1.1.0.202410251130/tools/bin/../lib/gcc/arm-none-eabi/12.3.1/thumb/v7-m/nofp/crti.o
                0x080020e0                _fini
 .fini          0x080020e4        0x8 D:/matlab_embedded_stm32f4/cubeIDE/STM32CubeIDE_1.17.0/STM32CubeIDE/plugins/com.st.stm32cube.ide.mcu.externaltools.gnu-tools-for-stm32.12.3.rel1.win32_1.1.0.202410251130/tools/bin/../lib/gcc/arm-none-eabi/12.3.1/thumb/v7-m/nofp/crtn.o
                0x080020ec                        . = ALIGN (0x4)
                0x080020ec                        _etext = .

.vfp11_veneer   0x080020ec        0x0
 .vfp11_veneer  0x080020ec        0x0 linker stubs

.v4_bx          0x080020ec        0x0
 .v4_bx         0x080020ec        0x0 linker stubs

.iplt           0x080020ec        0x0
 .iplt          0x080020ec        0x0 D:/matlab_embedded_stm32f4/cubeIDE/STM32CubeIDE_1.17.0/STM32CubeIDE/plugins/com.st.stm32cube.ide.mcu.externaltools.gnu-tools-for-stm32.12.3.rel1.win32_1.1.0.202410251130/tools/bin/../lib/gcc/arm-none-eabi/12.3.1/thumb/v7-m/nofp/crtbegin.o

.rodata         0x080020ec       0x24
                0x080020ec                        . = ALIGN (0x4)
 *(.rodata)
 *(.rodata*)
 .rodata.AHBPrescTable
                0x080020ec       0x10 ./Core/Src/system_stm32f1xx.o
                0x080020ec                AHBPrescTable
 .rodata.aPLLMULFactorTable.1
                0x080020fc       0x10 ./Drivers/STM32F1xx_HAL_Driver/Src/stm32f1xx_hal_rcc.o
 .rodata.aPredivFactorTable.0
                0x0800210c        0x2 ./Drivers/STM32F1xx_HAL_Driver/Src/stm32f1xx_hal_rcc.o
                0x08002110                        . = ALIGN (0x4)
 *fill*         0x0800210e        0x2 

.ARM.extab      0x08002110        0x0
                0x08002110                        . = ALIGN (0x4)
 *(.ARM.extab* .gnu.linkonce.armextab.*)
                0x08002110                        . = ALIGN (0x4)

.ARM            0x08002110        0x0
                0x08002110                        . = ALIGN (0x4)
                0x08002110                        __exidx_start = .
 *(.ARM.exidx*)
                0x08002110                        __exidx_end = .
                0x08002110                        . = ALIGN (0x4)

.preinit_array  0x08002110        0x0
                0x08002110                        . = ALIGN (0x4)
                0x08002110                        PROVIDE (__preinit_array_start = .)
 *(.preinit_array*)
                0x08002110                        PROVIDE (__preinit_array_end = .)
                0x08002110                        . = ALIGN (0x4)

.init_array     0x08002110        0x4
                0x08002110                        . = ALIGN (0x4)
                0x08002110                        PROVIDE (__init_array_start = .)
 *(SORT_BY_NAME(.init_array.*))
 *(.init_array*)
 .init_array    0x08002110        0x4 D:/matlab_embedded_stm32f4/cubeIDE/STM32CubeIDE_1.17.0/STM32CubeIDE/plugins/com.st.stm32cube.ide.mcu.externaltools.gnu-tools-for-stm32.12.3.rel1.win32_1.1.0.202410251130/tools/bin/../lib/gcc/arm-none-eabi/12.3.1/thumb/v7-m/nofp/crtbegin.o
                0x08002114                        PROVIDE (__init_array_end = .)
                0x08002114                        . = ALIGN (0x4)

.fini_array     0x08002114        0x4
                0x08002114                        . = ALIGN (0x4)
                [!provide]                        PROVIDE (__fini_array_start = .)
 *(SORT_BY_NAME(.fini_array.*))
 *(.fini_array*)
 .fini_array    0x08002114        0x4 D:/matlab_embedded_stm32f4/cubeIDE/STM32CubeIDE_1.17.0/STM32CubeIDE/plugins/com.st.stm32cube.ide.mcu.externaltools.gnu-tools-for-stm32.12.3.rel1.win32_1.1.0.202410251130/tools/bin/../lib/gcc/arm-none-eabi/12.3.1/thumb/v7-m/nofp/crtbegin.o
                [!provide]                        PROVIDE (__fini_array_end = .)
                0x08002118                        . = ALIGN (0x4)
                0x08002118                        _sidata = LOADADDR (.data)

.rel.dyn        0x08002118        0x0
 .rel.iplt      0x08002118        0x0 D:/matlab_embedded_stm32f4/cubeIDE/STM32CubeIDE_1.17.0/STM32CubeIDE/plugins/com.st.stm32cube.ide.mcu.externaltools.gnu-tools-for-stm32.12.3.rel1.win32_1.1.0.202410251130/tools/bin/../lib/gcc/arm-none-eabi/12.3.1/thumb/v7-m/nofp/crtbegin.o

.data           0x20000000       0x1c load address 0x08002118
                0x20000000                        . = ALIGN (0x4)
                0x20000000                        _sdata = .
 *(.data)
 *(.data*)
 .data.tare     0x20000000        0x4 ./Core/Src/main.o
                0x20000000                tare
 .data.knownOriginal
                0x20000004        0x4 ./Core/Src/main.o
                0x20000004                knownOriginal
 .data.knownHX711
                0x20000008        0x4 ./Core/Src/main.o
                0x20000008                knownHX711
 .data.knownOriginalForce
                0x2000000c        0x4 ./Core/Src/main.o
                0x2000000c                knownOriginalForce
 .data.SystemCoreClock
                0x20000010        0x4 ./Core/Src/system_stm32f1xx.o
                0x20000010                SystemCoreClock
 .data.uwTickPrio
                0x20000014        0x4 ./Drivers/STM32F1xx_HAL_Driver/Src/stm32f1xx_hal.o
                0x20000014                uwTickPrio
 .data.uwTickFreq
                0x20000018        0x1 ./Drivers/STM32F1xx_HAL_Driver/Src/stm32f1xx_hal.o
                0x20000018                uwTickFreq
 *(.RamFunc)
 *(.RamFunc*)
                0x2000001c                        . = ALIGN (0x4)
 *fill*         0x20000019        0x3 
                0x2000001c                        _edata = .

.igot.plt       0x2000001c        0x0 load address 0x08002134
 .igot.plt      0x2000001c        0x0 D:/matlab_embedded_stm32f4/cubeIDE/STM32CubeIDE_1.17.0/STM32CubeIDE/plugins/com.st.stm32cube.ide.mcu.externaltools.gnu-tools-for-stm32.12.3.rel1.win32_1.1.0.202410251130/tools/bin/../lib/gcc/arm-none-eabi/12.3.1/thumb/v7-m/nofp/crtbegin.o
                0x2000001c                        . = ALIGN (0x4)

.bss            0x2000001c       0xbc load address 0x08002134
                0x2000001c                        _sbss = .
                0x2000001c                        __bss_start__ = _sbss
 *(.bss)
 .bss           0x2000001c       0x1c D:/matlab_embedded_stm32f4/cubeIDE/STM32CubeIDE_1.17.0/STM32CubeIDE/plugins/com.st.stm32cube.ide.mcu.externaltools.gnu-tools-for-stm32.12.3.rel1.win32_1.1.0.202410251130/tools/bin/../lib/gcc/arm-none-eabi/12.3.1/thumb/v7-m/nofp/crtbegin.o
 *(.bss*)
 .bss.htim1     0x20000038       0x48 ./Core/Src/main.o
                0x20000038                htim1
 .bss.htim2     0x20000080       0x48 ./Core/Src/main.o
                0x20000080                htim2
 .bss.offset    0x200000c8        0x4 ./Core/Src/main.o
                0x200000c8                offset
 .bss.weight    0x200000cc        0x4 ./Core/Src/main.o
                0x200000cc                weight
 .bss.force     0x200000d0        0x4 ./Core/Src/main.o
                0x200000d0                force
 .bss.uwTick    0x200000d4        0x4 ./Drivers/STM32F1xx_HAL_Driver/Src/stm32f1xx_hal.o
                0x200000d4                uwTick
 *(COMMON)
                0x200000d8                        . = ALIGN (0x4)
                0x200000d8                        _ebss = .
                0x200000d8                        __bss_end__ = _ebss

._user_heap_stack
                0x200000d8      0x600 load address 0x08002134
                0x200000d8                        . = ALIGN (0x8)
                [!provide]                        PROVIDE (end = .)
                0x200000d8                        PROVIDE (_end = .)
                0x200002d8                        . = (. + _Min_Heap_Size)
 *fill*         0x200000d8      0x200 
                0x200006d8                        . = (. + _Min_Stack_Size)
 *fill*         0x200002d8      0x400 
                0x200006d8                        . = ALIGN (0x8)

/DISCARD/
 libc.a(*)
 libm.a(*)
 libgcc.a(*)

.ARM.attributes
                0x00000000       0x29
 *(.ARM.attributes)
 .ARM.attributes
                0x00000000       0x1d D:/matlab_embedded_stm32f4/cubeIDE/STM32CubeIDE_1.17.0/STM32CubeIDE/plugins/com.st.stm32cube.ide.mcu.externaltools.gnu-tools-for-stm32.12.3.rel1.win32_1.1.0.202410251130/tools/bin/../lib/gcc/arm-none-eabi/12.3.1/thumb/v7-m/nofp/crti.o
 .ARM.attributes
                0x0000001d       0x2d D:/matlab_embedded_stm32f4/cubeIDE/STM32CubeIDE_1.17.0/STM32CubeIDE/plugins/com.st.stm32cube.ide.mcu.externaltools.gnu-tools-for-stm32.12.3.rel1.win32_1.1.0.202410251130/tools/bin/../lib/gcc/arm-none-eabi/12.3.1/thumb/v7-m/nofp/crtbegin.o
 .ARM.attributes
                0x0000004a       0x2d ./Core/Src/main.o
 .ARM.attributes
                0x00000077       0x2d ./Core/Src/stm32f1xx_hal_msp.o
 .ARM.attributes
                0x000000a4       0x2d ./Core/Src/stm32f1xx_it.o
 .ARM.attributes
                0x000000d1       0x2d ./Core/Src/system_stm32f1xx.o
 .ARM.attributes
                0x000000fe       0x21 ./Core/Startup/startup_stm32f103c8tx.o
 .ARM.attributes
                0x0000011f       0x2d ./Drivers/STM32F1xx_HAL_Driver/Src/stm32f1xx_hal.o
 .ARM.attributes
                0x0000014c       0x2d ./Drivers/STM32F1xx_HAL_Driver/Src/stm32f1xx_hal_cortex.o
 .ARM.attributes
                0x00000179       0x2d ./Drivers/STM32F1xx_HAL_Driver/Src/stm32f1xx_hal_gpio.o
 .ARM.attributes
                0x000001a6       0x2d ./Drivers/STM32F1xx_HAL_Driver/Src/stm32f1xx_hal_rcc.o
 .ARM.attributes
                0x000001d3       0x2d ./Drivers/STM32F1xx_HAL_Driver/Src/stm32f1xx_hal_tim.o
 .ARM.attributes
                0x00000200       0x2d ./Drivers/STM32F1xx_HAL_Driver/Src/stm32f1xx_hal_tim_ex.o
 .ARM.attributes
                0x0000022d       0x2d D:/matlab_embedded_stm32f4/cubeIDE/STM32CubeIDE_1.17.0/STM32CubeIDE/plugins/com.st.stm32cube.ide.mcu.externaltools.gnu-tools-for-stm32.12.3.rel1.win32_1.1.0.202410251130/tools/bin/../lib/gcc/arm-none-eabi/12.3.1/../../../../arm-none-eabi/lib/thumb/v7-m/nofp\libc_nano.a(libc_a-memset.o)
 .ARM.attributes
                0x0000025a       0x2d D:/matlab_embedded_stm32f4/cubeIDE/STM32CubeIDE_1.17.0/STM32CubeIDE/plugins/com.st.stm32cube.ide.mcu.externaltools.gnu-tools-for-stm32.12.3.rel1.win32_1.1.0.202410251130/tools/bin/../lib/gcc/arm-none-eabi/12.3.1/../../../../arm-none-eabi/lib/thumb/v7-m/nofp\libc_nano.a(libc_a-init.o)
 .ARM.attributes
                0x00000287       0x1d D:/matlab_embedded_stm32f4/cubeIDE/STM32CubeIDE_1.17.0/STM32CubeIDE/plugins/com.st.stm32cube.ide.mcu.externaltools.gnu-tools-for-stm32.12.3.rel1.win32_1.1.0.202410251130/tools/bin/../lib/gcc/arm-none-eabi/12.3.1/thumb/v7-m/nofp\libgcc.a(_arm_addsubsf3.o)
 .ARM.attributes
                0x000002a4       0x1d D:/matlab_embedded_stm32f4/cubeIDE/STM32CubeIDE_1.17.0/STM32CubeIDE/plugins/com.st.stm32cube.ide.mcu.externaltools.gnu-tools-for-stm32.12.3.rel1.win32_1.1.0.202410251130/tools/bin/../lib/gcc/arm-none-eabi/12.3.1/thumb/v7-m/nofp\libgcc.a(_arm_muldivsf3.o)
 .ARM.attributes
                0x000002c1       0x1d D:/matlab_embedded_stm32f4/cubeIDE/STM32CubeIDE_1.17.0/STM32CubeIDE/plugins/com.st.stm32cube.ide.mcu.externaltools.gnu-tools-for-stm32.12.3.rel1.win32_1.1.0.202410251130/tools/bin/../lib/gcc/arm-none-eabi/12.3.1/thumb/v7-m/nofp\libgcc.a(_arm_fixsfsi.o)
 .ARM.attributes
                0x000002de       0x1d D:/matlab_embedded_stm32f4/cubeIDE/STM32CubeIDE_1.17.0/STM32CubeIDE/plugins/com.st.stm32cube.ide.mcu.externaltools.gnu-tools-for-stm32.12.3.rel1.win32_1.1.0.202410251130/tools/bin/../lib/gcc/arm-none-eabi/12.3.1/thumb/v7-m/nofp/crtn.o
OUTPUT(test_hx711.elf elf32-littlearm)
LOAD linker stubs
LOAD D:/matlab_embedded_stm32f4/cubeIDE/STM32CubeIDE_1.17.0/STM32CubeIDE/plugins/com.st.stm32cube.ide.mcu.externaltools.gnu-tools-for-stm32.12.3.rel1.win32_1.1.0.202410251130/tools/bin/../lib/gcc/arm-none-eabi/12.3.1/../../../../arm-none-eabi/lib/thumb/v7-m/nofp\libc.a
LOAD D:/matlab_embedded_stm32f4/cubeIDE/STM32CubeIDE_1.17.0/STM32CubeIDE/plugins/com.st.stm32cube.ide.mcu.externaltools.gnu-tools-for-stm32.12.3.rel1.win32_1.1.0.202410251130/tools/bin/../lib/gcc/arm-none-eabi/12.3.1/../../../../arm-none-eabi/lib/thumb/v7-m/nofp\libm.a
LOAD D:/matlab_embedded_stm32f4/cubeIDE/STM32CubeIDE_1.17.0/STM32CubeIDE/plugins/com.st.stm32cube.ide.mcu.externaltools.gnu-tools-for-stm32.12.3.rel1.win32_1.1.0.202410251130/tools/bin/../lib/gcc/arm-none-eabi/12.3.1/thumb/v7-m/nofp\libgcc.a

.debug_info     0x00000000     0x7602
 .debug_info    0x00000000      0xdda ./Core/Src/main.o
 .debug_info    0x00000dda      0x7c4 ./Core/Src/stm32f1xx_hal_msp.o
 .debug_info    0x0000159e      0x113 ./Core/Src/stm32f1xx_it.o
 .debug_info    0x000016b1      0x222 ./Core/Src/system_stm32f1xx.o
 .debug_info    0x000018d3       0x30 ./Core/Startup/startup_stm32f103c8tx.o
 .debug_info    0x00001903      0x704 ./Drivers/STM32F1xx_HAL_Driver/Src/stm32f1xx_hal.o
 .debug_info    0x00002007      0xa87 ./Drivers/STM32F1xx_HAL_Driver/Src/stm32f1xx_hal_cortex.o
 .debug_info    0x00002a8e      0x5ab ./Drivers/STM32F1xx_HAL_Driver/Src/stm32f1xx_hal_gpio.o
 .debug_info    0x00003039      0x7d5 ./Drivers/STM32F1xx_HAL_Driver/Src/stm32f1xx_hal_rcc.o
 .debug_info    0x0000380e     0x2959 ./Drivers/STM32F1xx_HAL_Driver/Src/stm32f1xx_hal_tim.o
 .debug_info    0x00006167     0x149b ./Drivers/STM32F1xx_HAL_Driver/Src/stm32f1xx_hal_tim_ex.o

.debug_abbrev   0x00000000     0x14cc
 .debug_abbrev  0x00000000      0x2f9 ./Core/Src/main.o
 .debug_abbrev  0x000002f9      0x18e ./Core/Src/stm32f1xx_hal_msp.o
 .debug_abbrev  0x00000487       0x73 ./Core/Src/stm32f1xx_it.o
 .debug_abbrev  0x000004fa      0x13f ./Core/Src/system_stm32f1xx.o
 .debug_abbrev  0x00000639       0x24 ./Core/Startup/startup_stm32f103c8tx.o
 .debug_abbrev  0x0000065d      0x201 ./Drivers/STM32F1xx_HAL_Driver/Src/stm32f1xx_hal.o
 .debug_abbrev  0x0000085e      0x2f8 ./Drivers/STM32F1xx_HAL_Driver/Src/stm32f1xx_hal_cortex.o
 .debug_abbrev  0x00000b56      0x1ca ./Drivers/STM32F1xx_HAL_Driver/Src/stm32f1xx_hal_gpio.o
 .debug_abbrev  0x00000d20      0x2b3 ./Drivers/STM32F1xx_HAL_Driver/Src/stm32f1xx_hal_rcc.o
 .debug_abbrev  0x00000fd3      0x277 ./Drivers/STM32F1xx_HAL_Driver/Src/stm32f1xx_hal_tim.o
 .debug_abbrev  0x0000124a      0x282 ./Drivers/STM32F1xx_HAL_Driver/Src/stm32f1xx_hal_tim_ex.o

.debug_aranges  0x00000000      0x948
 .debug_aranges
                0x00000000       0x68 ./Core/Src/main.o
 .debug_aranges
                0x00000068       0x30 ./Core/Src/stm32f1xx_hal_msp.o
 .debug_aranges
                0x00000098       0x60 ./Core/Src/stm32f1xx_it.o
 .debug_aranges
                0x000000f8       0x28 ./Core/Src/system_stm32f1xx.o
 .debug_aranges
                0x00000120       0x28 ./Core/Startup/startup_stm32f103c8tx.o
 .debug_aranges
                0x00000148       0xe0 ./Drivers/STM32F1xx_HAL_Driver/Src/stm32f1xx_hal.o
 .debug_aranges
                0x00000228      0x100 ./Drivers/STM32F1xx_HAL_Driver/Src/stm32f1xx_hal_cortex.o
 .debug_aranges
                0x00000328       0x58 ./Drivers/STM32F1xx_HAL_Driver/Src/stm32f1xx_hal_gpio.o
 .debug_aranges
                0x00000380       0x90 ./Drivers/STM32F1xx_HAL_Driver/Src/stm32f1xx_hal_rcc.o
 .debug_aranges
                0x00000410      0x3d0 ./Drivers/STM32F1xx_HAL_Driver/Src/stm32f1xx_hal_tim.o
 .debug_aranges
                0x000007e0      0x168 ./Drivers/STM32F1xx_HAL_Driver/Src/stm32f1xx_hal_tim_ex.o

.debug_rnglists
                0x00000000      0x72d
 .debug_rnglists
                0x00000000       0x50 ./Core/Src/main.o
 .debug_rnglists
                0x00000050       0x1f ./Core/Src/stm32f1xx_hal_msp.o
 .debug_rnglists
                0x0000006f       0x43 ./Core/Src/stm32f1xx_it.o
 .debug_rnglists
                0x000000b2       0x1a ./Core/Src/system_stm32f1xx.o
 .debug_rnglists
                0x000000cc       0x19 ./Core/Startup/startup_stm32f103c8tx.o
 .debug_rnglists
                0x000000e5       0xa3 ./Drivers/STM32F1xx_HAL_Driver/Src/stm32f1xx_hal.o
 .debug_rnglists
                0x00000188       0xbb ./Drivers/STM32F1xx_HAL_Driver/Src/stm32f1xx_hal_cortex.o
 .debug_rnglists
                0x00000243       0x3f ./Drivers/STM32F1xx_HAL_Driver/Src/stm32f1xx_hal_gpio.o
 .debug_rnglists
                0x00000282       0x6c ./Drivers/STM32F1xx_HAL_Driver/Src/stm32f1xx_hal_rcc.o
 .debug_rnglists
                0x000002ee      0x31a ./Drivers/STM32F1xx_HAL_Driver/Src/stm32f1xx_hal_tim.o
 .debug_rnglists
                0x00000608      0x125 ./Drivers/STM32F1xx_HAL_Driver/Src/stm32f1xx_hal_tim_ex.o

.debug_macro    0x00000000    0x16613
 .debug_macro   0x00000000      0x1bb ./Core/Src/main.o
 .debug_macro   0x000001bb      0xaa8 ./Core/Src/main.o
 .debug_macro   0x00000c63      0x215 ./Core/Src/main.o
 .debug_macro   0x00000e78       0x2e ./Core/Src/main.o
 .debug_macro   0x00000ea6       0x22 ./Core/Src/main.o
 .debug_macro   0x00000ec8       0x22 ./Core/Src/main.o
 .debug_macro   0x00000eea       0x8e ./Core/Src/main.o
 .debug_macro   0x00000f78       0x51 ./Core/Src/main.o
 .debug_macro   0x00000fc9      0x103 ./Core/Src/main.o
 .debug_macro   0x000010cc       0x6a ./Core/Src/main.o
 .debug_macro   0x00001136      0x1df ./Core/Src/main.o
 .debug_macro   0x00001315       0x1c ./Core/Src/main.o
 .debug_macro   0x00001331       0x22 ./Core/Src/main.o
 .debug_macro   0x00001353       0xbd ./Core/Src/main.o
 .debug_macro   0x00001410      0xd23 ./Core/Src/main.o
 .debug_macro   0x00002133     0xe09e ./Core/Src/main.o
 .debug_macro   0x000101d1       0x6d ./Core/Src/main.o
 .debug_macro   0x0001023e     0x34a2 ./Core/Src/main.o
 .debug_macro   0x000136e0      0x189 ./Core/Src/main.o
 .debug_macro   0x00013869       0x5c ./Core/Src/main.o
 .debug_macro   0x000138c5      0x5bc ./Core/Src/main.o
 .debug_macro   0x00013e81      0x289 ./Core/Src/main.o
 .debug_macro   0x0001410a      0x1cb ./Core/Src/main.o
 .debug_macro   0x000142d5      0x114 ./Core/Src/main.o
 .debug_macro   0x000143e9      0x1b2 ./Core/Src/main.o
 .debug_macro   0x0001459b       0x27 ./Core/Src/main.o
 .debug_macro   0x000145c2      0x136 ./Core/Src/main.o
 .debug_macro   0x000146f8      0x1bc ./Core/Src/main.o
 .debug_macro   0x000148b4       0x34 ./Core/Src/main.o
 .debug_macro   0x000148e8       0x3c ./Core/Src/main.o
 .debug_macro   0x00014924       0x57 ./Core/Src/main.o
 .debug_macro   0x0001497b       0x87 ./Core/Src/main.o
 .debug_macro   0x00014a02      0x240 ./Core/Src/main.o
 .debug_macro   0x00014c42      0x140 ./Core/Src/main.o
 .debug_macro   0x00014d82      0x8ed ./Core/Src/main.o
 .debug_macro   0x0001566f       0x83 ./Core/Src/main.o
 .debug_macro   0x000156f2      0x1a3 ./Core/Src/stm32f1xx_hal_msp.o
 .debug_macro   0x00015895      0x1ad ./Core/Src/stm32f1xx_it.o
 .debug_macro   0x00015a42      0x199 ./Core/Src/system_stm32f1xx.o
 .debug_macro   0x00015bdb      0x1bd ./Drivers/STM32F1xx_HAL_Driver/Src/stm32f1xx_hal.o
 .debug_macro   0x00015d98      0x199 ./Drivers/STM32F1xx_HAL_Driver/Src/stm32f1xx_hal_cortex.o
 .debug_macro   0x00015f31      0x204 ./Drivers/STM32F1xx_HAL_Driver/Src/stm32f1xx_hal_gpio.o
 .debug_macro   0x00016135      0x1ab ./Drivers/STM32F1xx_HAL_Driver/Src/stm32f1xx_hal_rcc.o
 .debug_macro   0x000162e0      0x19a ./Drivers/STM32F1xx_HAL_Driver/Src/stm32f1xx_hal_tim.o
 .debug_macro   0x0001647a      0x199 ./Drivers/STM32F1xx_HAL_Driver/Src/stm32f1xx_hal_tim_ex.o

.debug_line     0x00000000     0x99a4
 .debug_line    0x00000000      0x97e ./Core/Src/main.o
 .debug_line    0x0000097e      0x722 ./Core/Src/stm32f1xx_hal_msp.o
 .debug_line    0x000010a0      0x78b ./Core/Src/stm32f1xx_it.o
 .debug_line    0x0000182b      0x747 ./Core/Src/system_stm32f1xx.o
 .debug_line    0x00001f72       0x78 ./Core/Startup/startup_stm32f103c8tx.o
 .debug_line    0x00001fea      0x974 ./Drivers/STM32F1xx_HAL_Driver/Src/stm32f1xx_hal.o
 .debug_line    0x0000295e      0xb60 ./Drivers/STM32F1xx_HAL_Driver/Src/stm32f1xx_hal_cortex.o
 .debug_line    0x000034be      0xa0d ./Drivers/STM32F1xx_HAL_Driver/Src/stm32f1xx_hal_gpio.o
 .debug_line    0x00003ecb      0xd7d ./Drivers/STM32F1xx_HAL_Driver/Src/stm32f1xx_hal_rcc.o
 .debug_line    0x00004c48     0x3499 ./Drivers/STM32F1xx_HAL_Driver/Src/stm32f1xx_hal_tim.o
 .debug_line    0x000080e1     0x18c3 ./Drivers/STM32F1xx_HAL_Driver/Src/stm32f1xx_hal_tim_ex.o

.debug_str      0x00000000    0x8426a
 .debug_str     0x00000000    0x81fdf ./Core/Src/main.o
                              0x823d8 (size before relaxing)
 .debug_str     0x00081fdf       0x90 ./Core/Src/stm32f1xx_hal_msp.o
                              0x81f76 (size before relaxing)
 .debug_str     0x0008206f       0xc9 ./Core/Src/stm32f1xx_it.o
                              0x81aa1 (size before relaxing)
 .debug_str     0x00082138       0x88 ./Core/Src/system_stm32f1xx.o
                              0x81ab7 (size before relaxing)
 .debug_str     0x000821c0       0x44 ./Core/Startup/startup_stm32f103c8tx.o
                                 0x68 (size before relaxing)
 .debug_str     0x00082204      0x5fb ./Drivers/STM32F1xx_HAL_Driver/Src/stm32f1xx_hal.o
                              0x821ea (size before relaxing)
 .debug_str     0x000827ff      0x2b1 ./Drivers/STM32F1xx_HAL_Driver/Src/stm32f1xx_hal_cortex.o
                              0x82136 (size before relaxing)
 .debug_str     0x00082ab0      0x2e5 ./Drivers/STM32F1xx_HAL_Driver/Src/stm32f1xx_hal_gpio.o
                              0x81e3d (size before relaxing)
 .debug_str     0x00082d95      0x229 ./Drivers/STM32F1xx_HAL_Driver/Src/stm32f1xx_hal_rcc.o
                              0x81ee6 (size before relaxing)
 .debug_str     0x00082fbe      0xe19 ./Drivers/STM32F1xx_HAL_Driver/Src/stm32f1xx_hal_tim.o
                              0x82ee8 (size before relaxing)
 .debug_str     0x00083dd7      0x493 ./Drivers/STM32F1xx_HAL_Driver/Src/stm32f1xx_hal_tim_ex.o
                              0x826f4 (size before relaxing)

.comment        0x00000000       0x43
 .comment       0x00000000       0x43 ./Core/Src/main.o
                                 0x44 (size before relaxing)
 .comment       0x00000043       0x44 ./Core/Src/stm32f1xx_hal_msp.o
 .comment       0x00000043       0x44 ./Core/Src/stm32f1xx_it.o
 .comment       0x00000043       0x44 ./Core/Src/system_stm32f1xx.o
 .comment       0x00000043       0x44 ./Drivers/STM32F1xx_HAL_Driver/Src/stm32f1xx_hal.o
 .comment       0x00000043       0x44 ./Drivers/STM32F1xx_HAL_Driver/Src/stm32f1xx_hal_cortex.o
 .comment       0x00000043       0x44 ./Drivers/STM32F1xx_HAL_Driver/Src/stm32f1xx_hal_gpio.o
 .comment       0x00000043       0x44 ./Drivers/STM32F1xx_HAL_Driver/Src/stm32f1xx_hal_rcc.o
 .comment       0x00000043       0x44 ./Drivers/STM32F1xx_HAL_Driver/Src/stm32f1xx_hal_tim.o
 .comment       0x00000043       0x44 ./Drivers/STM32F1xx_HAL_Driver/Src/stm32f1xx_hal_tim_ex.o

.debug_frame    0x00000000     0x26f4
 .debug_frame   0x00000000      0x16c ./Core/Src/main.o
 .debug_frame   0x0000016c       0x88 ./Core/Src/stm32f1xx_hal_msp.o
 .debug_frame   0x000001f4      0x104 ./Core/Src/stm32f1xx_it.o
 .debug_frame   0x000002f8       0x58 ./Core/Src/system_stm32f1xx.o
 .debug_frame   0x00000350      0x334 ./Drivers/STM32F1xx_HAL_Driver/Src/stm32f1xx_hal.o
 .debug_frame   0x00000684      0x428 ./Drivers/STM32F1xx_HAL_Driver/Src/stm32f1xx_hal_cortex.o
 .debug_frame   0x00000aac      0x14c ./Drivers/STM32F1xx_HAL_Driver/Src/stm32f1xx_hal_gpio.o
 .debug_frame   0x00000bf8      0x218 ./Drivers/STM32F1xx_HAL_Driver/Src/stm32f1xx_hal_rcc.o
 .debug_frame   0x00000e10     0x11b8 ./Drivers/STM32F1xx_HAL_Driver/Src/stm32f1xx_hal_tim.o
 .debug_frame   0x00001fc8      0x638 ./Drivers/STM32F1xx_HAL_Driver/Src/stm32f1xx_hal_tim_ex.o
 .debug_frame   0x00002600       0x20 D:/matlab_embedded_stm32f4/cubeIDE/STM32CubeIDE_1.17.0/STM32CubeIDE/plugins/com.st.stm32cube.ide.mcu.externaltools.gnu-tools-for-stm32.12.3.rel1.win32_1.1.0.202410251130/tools/bin/../lib/gcc/arm-none-eabi/12.3.1/../../../../arm-none-eabi/lib/thumb/v7-m/nofp\libc_nano.a(libc_a-memset.o)
 .debug_frame   0x00002620       0x2c D:/matlab_embedded_stm32f4/cubeIDE/STM32CubeIDE_1.17.0/STM32CubeIDE/plugins/com.st.stm32cube.ide.mcu.externaltools.gnu-tools-for-stm32.12.3.rel1.win32_1.1.0.202410251130/tools/bin/../lib/gcc/arm-none-eabi/12.3.1/../../../../arm-none-eabi/lib/thumb/v7-m/nofp\libc_nano.a(libc_a-init.o)
 .debug_frame   0x0000264c       0x4c D:/matlab_embedded_stm32f4/cubeIDE/STM32CubeIDE_1.17.0/STM32CubeIDE/plugins/com.st.stm32cube.ide.mcu.externaltools.gnu-tools-for-stm32.12.3.rel1.win32_1.1.0.202410251130/tools/bin/../lib/gcc/arm-none-eabi/12.3.1/thumb/v7-m/nofp\libgcc.a(_arm_addsubsf3.o)
 .debug_frame   0x00002698       0x38 D:/matlab_embedded_stm32f4/cubeIDE/STM32CubeIDE_1.17.0/STM32CubeIDE/plugins/com.st.stm32cube.ide.mcu.externaltools.gnu-tools-for-stm32.12.3.rel1.win32_1.1.0.202410251130/tools/bin/../lib/gcc/arm-none-eabi/12.3.1/thumb/v7-m/nofp\libgcc.a(_arm_muldivsf3.o)
 .debug_frame   0x000026d0       0x24 D:/matlab_embedded_stm32f4/cubeIDE/STM32CubeIDE_1.17.0/STM32CubeIDE/plugins/com.st.stm32cube.ide.mcu.externaltools.gnu-tools-for-stm32.12.3.rel1.win32_1.1.0.202410251130/tools/bin/../lib/gcc/arm-none-eabi/12.3.1/thumb/v7-m/nofp\libgcc.a(_arm_fixsfsi.o)

.debug_line_str
                0x00000000       0x4c
 .debug_line_str
                0x00000000       0x4c ./Core/Startup/startup_stm32f103c8tx.o
