../Core/Src/main.c:103:6:microDelay	16	static
../Core/Src/main.c:109:9:getHX711	24	static
../Core/Src/main.c:136:5:weigh	32	static
../Core/Src/main.c:157:5:main	16	static
../Core/Src/main.c:761:6:SystemClock_Config	72	static
../Core/Src/main.c:801:13:MX_I2C1_Init	8	static
../Core/Src/main.c:835:13:MX_TIM1_Init	96	static
../Core/Src/main.c:910:13:MX_TIM2_Init	32	static
../Core/Src/main.c:955:13:MX_TIM3_Init	32	static
../Core/Src/main.c:1000:13:MX_TIM4_Init	32	static
../Core/Src/main.c:1045:13:MX_GPIO_Init	40	static
../Core/Src/main.c:1106:6:HAL_TIM_PeriodElapsedHalfCpltCallback	16	static
../Core/Src/main.c:1128:6:Error_Handler	4	static,ignoring_inline_asm
